// Jest Snapshot v1, https://goo.gl/fbAQLP

exports[`renders 1`] = `
<DocumentFragment>
  <div
    class="sc-AxirZ gMrftx"
  >
    i pray everyday
    <div
      class="addselect"
    >
      <span
        class="dropdown"
      >
        <span>
          Add Tag
        </span>
        <span
          class="divider"
        />
        <span>
          <i
            class="fas fa-plus"
          />
        </span>
      </span>
    </div>
  </div>
</DocumentFragment>
`;
